// Jest Snapshot v1, https://goo.gl/fbAQLP

exports[`NavItem in AppHeader renders without errors 1`] = `
<div
  className="active item pt-4 pb-4 pr-5 pl-5"
  data-testid="wrapper"
>
  <a
    className="link"
    data-testid="link"
    href="/profile"
    onClick={[Function]}
  >
    <svg
      fill="#F2F2F3"
      height="24"
      viewBox="0 0 24 24"
      width="24"
      xmlns="http://www.w3.org/2000/svg"
    >
      <path
        clipRule="evenodd"
        d="M17.068 6.56875C17.068 10.0837 14.8959 13.1 12 13.1C9.10401 13.1 6.93203 10.0837 6.93203 6.56875C6.93203 3.05385 8.80118 1 12 1C15.1988 1 17.068 3.05385 17.068 6.56875ZM3.10524 20.9572C3.53926 21.4607 5.40556 23 12 23C18.5944 23 20.4608 21.4607 20.8947 20.9572C20.9792 20.8593 21.0103 20.7362 20.9971 20.6088C20.8969 19.638 20.0015 15.3 12 15.3C3.99848 15.3 3.10311 19.638 3.00291 20.6088C2.98975 20.7362 3.02077 20.8593 3.10524 20.9572Z"
        fillRule="evenodd"
      />
    </svg>
    <div
      data-testid="title"
    >
      Личный кабинет
    </div>
  </a>
</div>
`;
